#-----------------------------------------------------------
# Vivado v2024.1 (64-bit)
# SW Build 5076996 on Wed May 22 18:37:14 MDT 2024
# IP Build 5075265 on Wed May 22 21:45:21 MDT 2024
# SharedData Build 5076995 on Wed May 22 18:29:18 MDT 2024
# Start of session at: Thu Nov 28 19:00:11 2024
# Process ID: 21084
# Current directory: C:/ECE420/SerialAdder/SerialAdder.runs/synth_1
# Command line: vivado.exe -log sAdder.vds -product Vivado -mode batch -messageDb vivado.pb -notrace -source sAdder.tcl
# Log file: C:/ECE420/SerialAdder/SerialAdder.runs/synth_1/sAdder.vds
# Journal file: C:/ECE420/SerialAdder/SerialAdder.runs/synth_1\vivado.jou
# Running On        :DESKTOP-8R40T2G
# Platform          :Windows Server 2016 or Windows 10
# Operating System  :26100
# Processor Detail  :11th Gen Intel(R) Core(TM) i7-1165G7 @ 2.80GHz
# CPU Frequency     :2803 MHz
# CPU Physical cores:4
# CPU Logical cores :8
# Host memory       :16889 MB
# Swap memory       :3892 MB
# Total Virtual     :20781 MB
# Available Virtual :2857 MB
#-----------------------------------------------------------
source sAdder.tcl -notrace
